// Jest Snapshot v1, https://goo.gl/fbAQLP

exports[`Header component matches snapshot DOM node structure 1`] = `
<DocumentFragment>
  <header
    class="header d-flex justify-content-between px-4 align-items-center "
  >
    <div
      class="logo-container d-flex "
    >
      <a
        href="/"
      >
        <img
          alt=""
          src="/logo1.png"
          style="height: 60px;"
        />
      </a>
    </div>
    <nav
      class="navbar navbar-expand-lg nav-hide"
    >
      <div
        class="nav-links mx-3"
      >
        <ul
          class="navbar-nav d-mob-none"
        >
          <li
            class="nav-item mx-2 width-max"
          >
            <a
              href="/"
            >
              HOME
            </a>
          </li>
          <li
            class="nav-item mx-2 width-max"
          >
            <a
              href="/catalog"
            >
              CATALOG
            </a>
          </li>
        </ul>
      </div>
      <div
        class="login-container d-mob-none"
      >
        <div
          class="d-flex"
        >
          <a
            class="btn btn-primary mx-2"
            href="/register"
          >
            REGISTER
          </a>
          <a
            class="btn btn-success mx-2"
            href="/login"
          >
            LOGIN
          </a>
        </div>
      </div>
    </nav>
  </header>
</DocumentFragment>
`;

exports[`Nav component matches snapshot DOM node structure 1`] = `
<DocumentFragment>
  <header
    class="header d-flex justify-content-between px-4 align-items-center "
  >
    <div
      class="logo-container d-flex "
    >
      <a
        href="/"
      >
        <img
          alt=""
          src="/logo1.png"
          style="height: 60px;"
        />
      </a>
    </div>
    <nav
      class="navbar navbar-expand-lg nav-hide"
    >
      <div
        class="nav-links mx-3"
      >
        <ul
          class="navbar-nav d-mob-none"
        >
          <li
            class="nav-item mx-2 width-max"
          >
            <a
              href="/"
            >
              HOME
            </a>
          </li>
          <li
            class="nav-item mx-2 width-max"
          >
            <a
              href="/catalog"
            >
              CATALOG
            </a>
          </li>
        </ul>
      </div>
      <div
        class="login-container d-mob-none"
      >
        <div
          class="d-flex"
        >
          <a
            class="btn btn-primary mx-2"
            href="/register"
          >
            REGISTER
          </a>
          <a
            class="btn btn-success mx-2"
            href="/login"
          >
            LOGIN
          </a>
        </div>
      </div>
    </nav>
  </header>
</DocumentFragment>
`;
