// Jest Snapshot v1, https://goo.gl/fbAQLP

exports[`Nav component matches snapshot DOM node structure 1`] = `
<DocumentFragment>
  <nav
    class="navbar navbar-expand-lg nav-hide"
  >
    <div
      class="nav-links mx-3"
    >
      <ul
        class="navbar-nav d-mob-none"
      >
        <li
          class="nav-item mx-2 width-max"
        >
          <a
            href="/"
          >
            HOME
          </a>
        </li>
        <li
          class="nav-item mx-2 width-max"
        >
          <a
            href="/catalog"
          >
            CATALOG
          </a>
        </li>
      </ul>
    </div>
    <div
      class="login-container d-mob-none"
    >
      <div
        class="d-flex"
      >
        <a
          class="btn btn-primary mx-2"
          href="/register"
        >
          REGISTER
        </a>
        <a
          class="btn btn-success mx-2"
          href="/login"
        >
          LOGIN
        </a>
      </div>
    </div>
  </nav>
</DocumentFragment>
`;
